aAug 23 03:47:13 centos7 sshd[3283]: Invalid user guest from 193.201.224.218
Aug 23 03:47:13 centos7 sshd[3283]: input_userauth_request: invalid user guest [preauth]
Aug 23 03:47:13 centos7 sshd[3283]: pam_unix(sshd:auth): check pass; user unknown
Aug 23 03:47:13 centos7 sshd[3283]: pam_unix(sshd:auth): authentication failure; logname= uid=0 euid=0 tty=ssh ruser= rhost=193.201.224.218
Aug 23 03:47:15 centos7 sshd[3283]: Failed password for invalid user guest from 193.201.224.218 port 13181 ssh2
Aug 23 03:47:16 centos7 sshd[3283]: pam_unix(sshd:auth): check pass; user unknown
Aug 23 03:47:17 centos7 sshd[3283]: Failed password for invalid user guest from 193.201.224.218 port 13181 ssh2
Aug 23 03:47:18 centos7 sshd[3283]: pam_unix(sshd:auth): check pass; user unknown
Aug 23 03:47:20 centos7 sshd[3283]: Failed password for invalid user guest from 193.201.224.218 port 13181 ssh2
Aug 23 03:47:24 centos7 sshd[3283]: pam_unix(sshd:auth): check pass; user unknown
Aug 23 03:47:25 centos7 sshd[3283]: Failed password for invalid user guest from 193.201.224.218 port 13181 ssh2
Aug 23 03:47:26 centos7 sshd[3283]: pam_unix(sshd:auth): check pass; user unknown
Aug 23 03:47:27 centos7 sshd[3283]: Failed password for invalid user guest from 193.201.224.218 port 13181 ssh2
Aug 23 03:47:27 centos7 sshd[3283]: pam_unix(sshd:auth): check pass; user unknown
Aug 23 03:47:29 centos7 sshd[3283]: Failed password for invalid user guest from 193.201.224.218 port 13181 ssh2
Aug 23 03:47:29 centos7 sshd[3283]: Disconnecting: Too many authentication failures for guest [preauth]

